---
source: tests/integration_tests.rs
expression: snapshot
---
Snapshot(
    [
        (
            CompositeKey(
                Histogram,
                Key {
                    name: KeyName(
                        "http.server.request.duration",
                    ),
                    labels: [
                        Label(
                            "endpoint",
                            "/resource/foo/{expensive}",
                        ),
                        Label(
                            "method",
                            "GET",
                        ),
                        Label(
                            "status",
                            "200",
                        ),
                    ],
                    hashed: true,
                    hash: 5757663965530158153,
                },
            ),
            Some(
                Seconds,
            ),
            Some(
                "HTTP request duration in seconds for all requests",
            ),
            Histogram(
                [],
            ),
        ),
        (
            CompositeKey(
                Histogram,
                Key {
                    name: KeyName(
                        "http.server.request.body.size",
                    ),
                    labels: [
                        Label(
                            "endpoint",
                            "/resource/foo/{expensive}",
                        ),
                        Label(
                            "method",
                            "GET",
                        ),
                        Label(
                            "status",
                            "200",
                        ),
                    ],
                    hashed: true,
                    hash: 5128707337760329201,
                },
            ),
            Some(
                Bytes,
            ),
            Some(
                "HTTP request size in bytes for all requests",
            ),
            Histogram(
                [],
            ),
        ),
        (
            CompositeKey(
                Histogram,
                Key {
                    name: KeyName(
                        "http.server.response.body.size",
                    ),
                    labels: [
                        Label(
                            "endpoint",
                            "/resource/foo/{expensive}",
                        ),
                        Label(
                            "method",
                            "GET",
                        ),
                        Label(
                            "status",
                            "200",
                        ),
                    ],
                    hashed: true,
                    hash: 453729312874843834,
                },
            ),
            Some(
                Bytes,
            ),
            Some(
                "HTTP response size in bytes for all requests",
            ),
            Histogram(
                [],
            ),
        ),
        (
            CompositeKey(
                Histogram,
                Key {
                    name: KeyName(
                        "http.server.request.duration",
                    ),
                    labels: [
                        Label(
                            "endpoint",
                            "/resource/{cheap}/{expensive}",
                        ),
                        Label(
                            "method",
                            "GET",
                        ),
                        Label(
                            "status",
                            "404",
                        ),
                    ],
                    hashed: true,
                    hash: 2214394467041490922,
                },
            ),
            Some(
                Seconds,
            ),
            Some(
                "HTTP request duration in seconds for all requests",
            ),
            Histogram(
                [
                    [VALUE],
                ],
            ),
        ),
        (
            CompositeKey(
                Histogram,
                Key {
                    name: KeyName(
                        "http.server.request.body.size",
                    ),
                    labels: [
                        Label(
                            "endpoint",
                            "/resource/{cheap}/{expensive}",
                        ),
                        Label(
                            "method",
                            "GET",
                        ),
                        Label(
                            "status",
                            "404",
                        ),
                    ],
                    hashed: true,
                    hash: 8070409521453642742,
                },
            ),
            Some(
                Bytes,
            ),
            Some(
                "HTTP request size in bytes for all requests",
            ),
            Histogram(
                [
                    0.0,
                ],
            ),
        ),
        (
            CompositeKey(
                Histogram,
                Key {
                    name: KeyName(
                        "http.server.response.body.size",
                    ),
                    labels: [
                        Label(
                            "endpoint",
                            "/resource/{cheap}/{expensive}",
                        ),
                        Label(
                            "method",
                            "GET",
                        ),
                        Label(
                            "status",
                            "404",
                        ),
                    ],
                    hashed: true,
                    hash: 5405586762145279153,
                },
            ),
            Some(
                Bytes,
            ),
            Some(
                "HTTP response size in bytes for all requests",
            ),
            Histogram(
                [
                    0.0,
                ],
            ),
        ),
    ],
)
