---
source: tests/integration_tests.rs
expression: snapshot
---
Snapshot(
    [
        (
            CompositeKey(
                Histogram,
                Key {
                    name: KeyName(
                        "http_requests_duration",
                    ),
                    labels: [
                        Label(
                            "endpoint",
                            "UNKNOWN",
                        ),
                        Label(
                            "method",
                            "GET",
                        ),
                        Label(
                            "status",
                            "404",
                        ),
                    ],
                    hashed: true,
                    hash: 4683992585520447593,
                },
            ),
            Some(
                Seconds,
            ),
            Some(
                "HTTP request duration in seconds for all requests",
            ),
            Histogram(
                [
                    [VALUE],
                ],
            ),
        ),
        (
            CompositeKey(
                Counter,
                Key {
                    name: KeyName(
                        "http_requests_total",
                    ),
                    labels: [
                        Label(
                            "endpoint",
                            "UNKNOWN",
                        ),
                        Label(
                            "method",
                            "GET",
                        ),
                        Label(
                            "status",
                            "404",
                        ),
                    ],
                    hashed: true,
                    hash: 3220206923332757627,
                },
            ),
            None,
            Some(
                "Total number of HTTP requests",
            ),
            Counter(
                1,
            ),
        ),
        (
            CompositeKey(
                Histogram,
                Key {
                    name: KeyName(
                        "http_request_size",
                    ),
                    labels: [
                        Label(
                            "endpoint",
                            "UNKNOWN",
                        ),
                        Label(
                            "method",
                            "GET",
                        ),
                        Label(
                            "status",
                            "404",
                        ),
                    ],
                    hashed: true,
                    hash: 4317199347527505797,
                },
            ),
            Some(
                Bytes,
            ),
            Some(
                "HTTP request size in bytes for all requests",
            ),
            Histogram(
                [
                    0.0,
                ],
            ),
        ),
        (
            CompositeKey(
                Histogram,
                Key {
                    name: KeyName(
                        "http_response_size",
                    ),
                    labels: [
                        Label(
                            "endpoint",
                            "UNKNOWN",
                        ),
                        Label(
                            "method",
                            "GET",
                        ),
                        Label(
                            "status",
                            "404",
                        ),
                    ],
                    hashed: true,
                    hash: 5170175450852361176,
                },
            ),
            Some(
                Bytes,
            ),
            Some(
                "HTTP response size in bytes for all requests",
            ),
            Histogram(
                [
                    0.0,
                ],
            ),
        ),
    ],
)
