---
source: tests/integration_tests.rs
expression: snapshot
---
Snapshot(
    [
        (
            CompositeKey(
                Histogram,
                Key {
                    name: KeyName(
                        "http.server.request.duration",
                    ),
                    labels: [
                        Label(
                            "http.route",
                            "/resource/{id}",
                        ),
                        Label(
                            "http.request.method",
                            "GET",
                        ),
                        Label(
                            "http.response.status_code",
                            "200",
                        ),
                    ],
                    hashed: true,
                    hash: 8387820821025311901,
                },
            ),
            Some(
                Seconds,
            ),
            Some(
                "HTTP request duration in seconds for all requests",
            ),
            Histogram(
                [
                    [VALUE],
                ],
            ),
        ),
        (
            CompositeKey(
                Histogram,
                Key {
                    name: KeyName(
                        "http.server.request.body.size",
                    ),
                    labels: [
                        Label(
                            "http.route",
                            "/resource/{id}",
                        ),
                        Label(
                            "http.request.method",
                            "GET",
                        ),
                        Label(
                            "http.response.status_code",
                            "200",
                        ),
                    ],
                    hashed: true,
                    hash: 17699972035774939912,
                },
            ),
            Some(
                Bytes,
            ),
            Some(
                "HTTP request size in bytes for all requests",
            ),
            Histogram(
                [
                    0.0,
                ],
            ),
        ),
        (
            CompositeKey(
                Histogram,
                Key {
                    name: KeyName(
                        "http.server.response.body.size",
                    ),
                    labels: [
                        Label(
                            "http.route",
                            "/resource/{id}",
                        ),
                        Label(
                            "http.request.method",
                            "GET",
                        ),
                        Label(
                            "http.response.status_code",
                            "200",
                        ),
                    ],
                    hashed: true,
                    hash: 5645437327872220050,
                },
            ),
            Some(
                Bytes,
            ),
            Some(
                "HTTP response size in bytes for all requests",
            ),
            Histogram(
                [
                    0.0,
                ],
            ),
        ),
    ],
)
